mysql> use udacity
Reading table information for completion of table and column names
You can turn off this feature to get a quicker startup with -A

Database changed
mysql> insert into account(`account_name`) value('dai_secondary');
ERROR 1290 (HY000): The MySQL server is running with the --read-only option so it cannot execute this statement


mysql> use udacity
Reading table information for completion of table and column names
You can turn off this feature to get a quicker startup with -A

Database changed
mysql> insert into account(`account_name`) value('dai_secondary');
ERROR 1290 (HY000): The MySQL server is running with the --read-only option so it cannot execute this statement
mysql> ^C
mysql> select * from account;
+----+--------------+
| id | account_name |
+----+--------------+
|  1 | dailb        |
+----+--------------+
1 row in set (0.00 sec)